===== C-4 SL照合 ライブ実弾 結果 (Fable5指示④ / $53 Vantage実口座) =====
実施: 2026-08-16 22:58 JST
口座: server=VantageTradingLtd-Live login=***2608 通貨=USD (口座ガード○=名指し固定+番号/鯖二重照合)
二重ロック: fire=True かつ arm=CHAIRMAN-GO(会長の手で点火。AURELは鍵を回していない=非実行)
端末分離: MT5_PATH=C:\Program Files\MetaTrader 5\terminal64.exe に名指し固定。審査(FundingPips)端末は不接触。

--- 実測ログ(会長PowerShell出力そのまま) ---
[2026-08-16 22:58:01] ===== C-4 SL照合 ライブ (BTCUSD 0.01lot SL付き・開けて即閉じ) =====
[2026-08-16 22:58:01] 安全状態: fire=True arm=OK → ★武装(実弾)
[2026-08-16 22:58:02] ガードOK: server=VantageTradingLtd-Live login=***2608 通貨=USD 残高=64.88
[2026-08-16 22:58:02] 相場: BTCUSD bid=63045.32 ask=63070.32  予定: BUY 0.01lot SL=62439.62 必要証拠金=約1.26USD
[2026-08-16 22:58:02] [A] BUY 0.01 BTCUSD @~63070.32 (SL=62439.62) 発注 …
[2026-08-16 22:58:02]     約定OK: 価格=0.0 数量=0.01 注文ID=5221026897
[2026-08-16 22:58:02] [B] ★C-4 reconcile_sl: サーバーからSLを読み直して検証 …
[2026-08-16 22:58:02]     C-4結果: status=OK  detail=SL=62439.62 一致(tick tol内)
[2026-08-16 22:58:03] [C] 即クローズ …
[2026-08-16 22:58:03]     クローズ約定: 価格=0.0 注文ID=5221026899
[2026-08-16 22:58:03] [結果] 残高 64.88 → 64.65 USD  実現損益 -0.23(スプレッド分の小マイナスが正常)
[2026-08-16 22:58:03] [台帳] 全6件 / 鎖整合 OK / 照合 OK
[2026-08-16 22:58:03] [保有] 残ポジション 0件(0なら完全クローズ)
[2026-08-16 22:58:03] ===== C-4判定素材: SL検証=OK / 残玉=0 → C4-PASS =====
C4-PASS

--- 判定素材(数字。判定はFable5と会長) ---
・SL検証 status = OK (建玉SL=62439.62 が発注SLと tick tol内で一致 → ブローカーがSLを受理し建玉へ載せたことを実約定で確認)
・残ポジション = 0件(開けて即クローズ完了、裸玉なし)
・実現損益 = -0.23 USD(スプレッドのみ。予定通りの小マイナス)
・台帳: 全6件 / 鎖整合OK / 照合OK(注文→約定→照合→締めが本番配管で1周)
・注文ID: 建て 5221026897 / 決済 5221026899
・その他分岐(FIXED/EMERGENCY/NO_POSITION/magic不一致/裸→是正)は 2026-08-16 のモックdry検証で7/7既済(c4_sl_reconcile_drytest)。本ライブは実約定側のOK経路を実証。

--- 前段の安全事象(記録) ---
・1回目(22:54)は retcode=10027 "AutoTrading disabled by client"=$53端末のアルゴ取引スイッチOFFで発注が弾かれた(お金は動かず)。会長がアルゴ取引ON(Ctrl+E)後、22:58の2回目で約定。→ 端末側スイッチも独立した安全弁として機能することを確認。
・接続の穴を無料期間に1件発見・封鎖: ImperialFlow .env に MT5_PATH未設定=既定端末依存。審査端末が同時起動中だと誤掴みの恐れ。→ C-4スクリプトで MT5_PATH名指し固定 + login/server ハードガード(不一致で発注前中止)を実装し回避。恒久対策として本番運用スクリプトにも同ガードを移植すべき(要着工判断)。

ledger実体: C:\Users\user\AssetEmpire\empire\data\c4_sl_live_ledger.sqlite
点火スクリプト: C:\Users\user\AppData\Local\Temp\c4_sl_live.py (多重ロック内蔵。非武装で計画のみ停止)
