[2026-08-16 21:13:34+0900] ===== G4 DST切替 検証 開始 (実弾なし/純粋時刻計算) =====
[2026-08-16 21:13:34+0900] ライブ窓CFG(SIG.CONFIRMED): tz=America/New_York 開場=09:30 監視長=4h
[2026-08-16 21:13:34+0900] ライブ窓構築 build_ny_session_live() は open_ms=ORB.session_open_utc(ZoneInfo(cfg['tz']),..) を呼ぶ
[2026-08-16 21:13:34+0900]   → 凍結バックテスターと同一関数=DST処理はzoneinfoで年2回自動

[2026-08-16 21:13:34+0900] --- NY監視窓(America/New_York 09:30錨) DST境界 ---
[2026-08-16 21:13:34+0900] ① 2025春(3/9 EST→EDT): 冬14:30UTC → 夏13:30UTC
[2026-08-16 21:13:34+0900]   2025-03-07 開場 09:30 → UTC 14:30 UTC (現地09:30 EST, offset -1 day, 19:00:00)
[2026-08-16 21:13:34+0900]   2025-03-10 開場 09:30          → UTC 13:30 UTC (現地09:30 EDT, offset -1 day, 20:00:00)
[2026-08-16 21:13:34+0900]   窓のUTC移動 = 71.00h  判定=○ 1時間ずれOK

[2026-08-16 21:13:34+0900] ② 2025秋(11/2 EDT→EST): 夏13:30UTC → 冬14:30UTC
[2026-08-16 21:13:34+0900]   2025-10-31 開場 09:30 → UTC 13:30 UTC (現地09:30 EDT, offset -1 day, 20:00:00)
[2026-08-16 21:13:34+0900]   2025-11-03 開場 09:30          → UTC 14:30 UTC (現地09:30 EST, offset -1 day, 19:00:00)
[2026-08-16 21:13:34+0900]   窓のUTC移動 = 73.00h  判定=○ 1時間ずれOK

[2026-08-16 21:13:34+0900] ③ 2026春(3/8 EST→EDT)
[2026-08-16 21:13:34+0900]   2026-03-06 開場 09:30 → UTC 14:30 UTC (現地09:30 EST, offset -1 day, 19:00:00)
[2026-08-16 21:13:34+0900]   2026-03-09 開場 09:30          → UTC 13:30 UTC (現地09:30 EDT, offset -1 day, 20:00:00)
[2026-08-16 21:13:34+0900]   窓のUTC移動 = 71.00h  判定=○ 1時間ずれOK

[2026-08-16 21:13:34+0900] ④ ★2026秋(11/1 EDT→EST)=審査中の切替日
[2026-08-16 21:13:34+0900]   2026-10-30 開場 09:30 → UTC 13:30 UTC (現地09:30 EDT, offset -1 day, 20:00:00)
[2026-08-16 21:13:34+0900]   2026-11-02 開場 09:30          → UTC 14:30 UTC (現地09:30 EST, offset -1 day, 19:00:00)
[2026-08-16 21:13:34+0900]   窓のUTC移動 = 73.00h  判定=○ 1時間ずれOK

[2026-08-16 21:13:34+0900] --- 参考: ロンドン窓(Europe/London 08:00錨) 英DST境界 ---
[2026-08-16 21:13:34+0900] ⑤ 2026英春(3/29 GMT→BST)
[2026-08-16 21:13:34+0900]   2026-03-27 開場 08:00 → UTC 08:00 UTC (現地08:00 GMT, offset 0:00:00)
[2026-08-16 21:13:34+0900]   2026-03-30 開場 08:00          → UTC 07:00 UTC (現地08:00 BST, offset 1:00:00)
[2026-08-16 21:13:34+0900]   窓のUTC移動 = 71.00h  判定=○ 1時間ずれOK

[2026-08-16 21:13:34+0900] ⑥ 2026英秋(10/25 BST→GMT)
[2026-08-16 21:13:34+0900]   2026-10-23 開場 08:00 → UTC 07:00 UTC (現地08:00 BST, offset 1:00:00)
[2026-08-16 21:13:34+0900]   2026-10-26 開場 08:00          → UTC 08:00 UTC (現地08:00 GMT, offset 0:00:00)
[2026-08-16 21:13:34+0900]   窓のUTC移動 = 73.00h  判定=○ 1時間ずれOK

[2026-08-16 21:13:34+0900] ===== 総合判定 =====
[2026-08-16 21:13:34+0900]   検証境界 6件中 正常 6件 / 異常 0件
[2026-08-16 21:13:34+0900]   → 監視窓は現地09:30(NY)/08:00(London)に錨。DSTでUTC側が年2回自動で1h移動する。
[2026-08-16 21:13:34+0900] ★審査中の要記録日: 2026-11-01(日) 米EDT→EST。翌営業日11/2(月)から NY窓=14:30 UTC。
[2026-08-16 21:13:34+0900]   当日=日曜(休場)。実効ずれは 11/2(月)の最初の稼働で確認。カレンダー固定して当日記録する。
DONE
